# 0.827890
0	0	0	false	false	false	false	face	OtherInfo	OtherInfo/0.997223
1	1	16	false	false	false	false	none	Title	Title/0.985870
1	1	5	false	false	false	false	author	Author	Author/0.968046
1	0	1	true	false	false	false	none	VandC	VandC/0.981967
1	0	1	true	false	false	false	none	VandC	VandC/0.947496
1	0	11	false	true	true	true	none	AuthorDate	AuthorDate/0.934179

# 0.829270
0	0	0	false	false	false	false	face	OtherInfo	OtherInfo/0.996088
1	1	14	false	false	false	false	none	Title	Title/0.985511
1	1	4	false	false	false	false	author	Author	Author/0.968708
1	0	1	true	false	false	false	none	VandC	VandC/0.978545
1	0	1	true	false	false	false	none	VandC	VandC/0.953033
1	0	11	false	true	true	true	none	AuthorDate	AuthorDate/0.934148

# 0.450612
1	0	4	true	false	false	false	threadlist_rep_num	VandC	VandC/0.946740
1	1	22	false	false	false	false	j_th_tit	Title	Title/0.931030
0	0	0	false	false	false	false	none	OtherInfo	OtherInfo/0.997179
1	1	4	false	false	false	false	tb_icon_author	Author	Author/0.796354
1	2	8	false	false	false	false	threadlist_absthreadlist_abs_onlyline	OtherInfo	OtherInfo/0.814096
1	1	4	false	false	false	false	tb_icon_author_relyj_replyer	ReplyA	ReplyA/0.814598
1	0	5	false	true	false	true	threadlist_reply_datej_reply_data	ReplyD	ReplyD/0.956130
0	0	0	false	false	false	false	clear	OtherInfo	OtherInfo/0.973752

# 0.753163
1	0	1	false	false	false	false	hottitletieStyle_zhanZD1	OtherInfo	OtherInfo/0.961027
1	1	23	false	false	false	false	none	Title	Title/0.944339
1	0	3	false	false	false	false	add	OtherInfo	OtherInfo/0.940770
1	1	4	false	false	false	false	none	Author	Author/0.953574
2	0	5	true	false	false	false	none	VandC	VandC/0.974401
1	0	19	false	true	false	true	time	ReplyD	ReplyD/0.945483

# 0.530169
1	0	1	false	false	false	false	hottitletieStyle_zhanZD1	OtherInfo	OtherInfo/0.872388
1	1	23	false	false	false	false	none	Title	Title/0.793605
0	0	0	true	false	false	false	add	OtherInfo	OtherInfo/0.873442
1	1	8	false	false	false	false	none	Author	Author/0.935970
3	0	5	true	false	false	false	none	VandC	VandC/0.931187
1	0	19	false	true	false	true	time	ReplyD	ReplyD/0.955446

# 0.800713
0	1	0	false	false	false	false	none	OtherInfo	OtherInfo/0.991167
1	1	23	false	false	false	false	new	Title	Title/0.985406
1	1	4	false	false	false	false	by1xi2	Author	Author/0.977633
1	0	2	true	false	false	false	num1xi2	VandC	VandC/0.991435
1	0	4	true	false	false	false	num2xi2	VandC	VandC/0.974023
1	1	4	false	false	false	false	none	ReplyA	ReplyA/0.943449
1	0	9	false	true	false	true	none	ReplyD	ReplyD/0.913783

# 0.810681
0	1	0	false	false	false	false	none	OtherInfo	OtherInfo/0.990510
1	1	26	false	false	false	false	xst	Title	Title/0.983226
1	1	6	false	false	false	false	by1xi2	Author	Author/0.985508
1	0	2	true	false	false	false	num1xi2	VandC	VandC/0.991225
1	0	5	true	false	false	false	num2xi2	VandC	VandC/0.972690
1	1	3	false	false	false	false	none	ReplyA	ReplyA/0.943619
1	0	9	false	true	false	true	none	ReplyD	ReplyD/0.922633

# 0.176216
0	1	0	false	false	false	false	none	OtherInfo	OtherInfo/0.988841
1	1	19	false	false	false	false	common	Title	Title/0.901486
1	1	4	false	false	false	false	none	Author	Author/0.787159
1	0	9	false	true	false	true	none	AuthorDate	AuthorDate/0.676935
1	0	1	false	false	false	false	digit	OtherInfo	OtherInfo/0.409188
1	0	1	true	false	false	false	green	VandC	VandC/0.964988
1	0	4	true	false	false	false	cRed	VandC	VandC/0.951277
1	1	12	false	false	false	false	none	ReplyA	ReplyA/0.954882
1	0	15	false	true	false	false	none	ReplyD	ReplyD/0.968087

# 0.171926
0	1	0	false	false	false	false	none	OtherInfo	OtherInfo/0.987431
1	1	13	false	false	false	false	common	Title	Title/0.878670
1	1	4	false	false	false	false	none	Author	Author/0.771450
1	0	9	false	true	false	true	none	AuthorDate	AuthorDate/0.690803
1	0	1	false	false	false	false	digit	OtherInfo	OtherInfo/0.408662
1	0	1	true	false	false	false	green	VandC	VandC/0.965241
1	0	4	true	false	false	false	cRed	VandC	VandC/0.949504
1	1	4	false	false	false	false	none	ReplyA	ReplyA/0.950359
1	0	15	false	true	false	false	none	ReplyD	ReplyD/0.965953

# 0.026144
0	1	0	false	false	false	false	none	OtherInfo	OtherInfo/0.972363
0	0	0	false	false	false	false	icon	OtherInfo	OtherInfo/0.957915
0	0	0	false	false	false	false	none	OtherInfo	OtherInfo/0.987908
7	7	18	false	false	false	false	new	Title	Title/0.617294
1	1	3	false	false	false	false	none	Author	Author/0.758361
1	0	9	false	true	false	true	none	AuthorDate	AuthorDate/0.743271
1	0	1	false	false	false	false	nums	OtherInfo	OtherInfo/0.456728
1	0	2	true	false	false	false	none	VandC	VandC/0.989203
1	0	5	true	false	false	false	none	VandC	VandC/0.934867
1	1	15	false	true	false	false	none	ReplyD	ReplyD/0.517299
1	0	2	false	false	false	false	none	OtherInfo	OtherInfo/0.570771
1	1	4	false	false	false	false	none	ReplyA	ReplyA/0.553721

# 0.021878
0	1	0	false	false	false	false	none	OtherInfo	OtherInfo/0.972376
0	0	0	false	false	false	false	icon	OtherInfo	OtherInfo/0.957004
0	0	0	false	false	false	false	none	OtherInfo	OtherInfo/0.986460
10	9	22	false	false	false	false	threadpages	Title	Title/0.636359
1	1	6	false	false	false	false	none	Author	Author/0.809732
1	0	8	false	true	false	true	none	AuthorDate	AuthorDate/0.726436
1	0	1	false	false	false	false	nums	OtherInfo	OtherInfo/0.395310
1	0	4	true	false	false	false	none	VandC	VandC/0.986941
1	0	7	true	false	false	false	none	VandC	VandC/0.909940
1	1	15	false	true	false	false	none	ReplyD	ReplyD/0.505976
1	0	2	false	false	false	false	none	OtherInfo	OtherInfo/0.562562
1	1	3	false	false	false	false	none	ReplyA	ReplyA/0.545512

# 0.285221
0	1	0	false	false	false	false	none	OtherInfo	OtherInfo/0.985829
0	1	0	false	false	false	false	subject	OtherInfo	OtherInfo/0.946019
1	1	18	false	false	true	false	none	Title	Title/0.702815
1	1	6	false	false	false	false	none	Author	Author/0.969329
1	0	5	true	true	false	false	statisticsclearfix	VandC	VandC/0.920376
1	0	17	false	true	false	true	lastupdate	ReplyD	ReplyD/0.914417
1	1	9	true	false	false	false	none	ReplyA	ReplyA/0.512720

# 0.614882
1	2	17	false	false	false	false	board-list-title-inner	Title	Title/0.834093
1	1	4	false	false	false	false	none	Author	Author/0.804201
1	0	11	false	true	false	true	date	AuthorDate	AuthorDate/0.892055
2	0	4	true	false	false	false	board-list-count-inner	VandC	VandC/0.983701
2	1	11	false	true	false	false	board-list-reply	ReplyAandD	ReplyAandD/0.971096

# 0.668229
2	3	17	false	false	false	false	board-list-title-inner	Title	Title/0.854162
1	1	4	false	false	false	false	none	Author	Author/0.863927
1	0	11	false	true	false	true	date	AuthorDate	AuthorDate/0.902528
2	0	4	true	false	false	false	board-list-count-inner	VandC	VandC/0.983716
2	1	11	false	true	false	false	board-list-reply	ReplyAandD	ReplyAandD/0.971096

# 0.642646
0	1	0	false	false	false	false	none	OtherInfo	OtherInfo/0.993078
8	7	15	false	false	false	false	common	Title	Title/0.937041
1	1	5	false	false	false	false	none	Author	Author/0.935404
1	0	9	false	true	false	true	none	AuthorDate	AuthorDate/0.847085
1	1	2	true	false	false	false	xi2	VandC	VandC/0.974377
1	0	4	true	false	false	false	none	VandC	VandC/0.980901
1	1	7	false	false	false	false	none	ReplyA	ReplyA/0.963093
1	1	4	false	true	true	false	none	ReplyD	ReplyD/0.925811

# 0.584514
0	1	0	false	false	false	false	none	OtherInfo	OtherInfo/0.984348
4	3	19	false	false	false	false	new	Title	Title/0.926438
1	1	9	true	false	false	false	none	Author	Author/0.849374
1	0	7	false	true	true	true	none	AuthorDate	AuthorDate/0.949459
1	1	1	true	false	false	false	xi2	VandC	VandC/0.914925
1	0	3	true	false	false	false	none	VandC	VandC/0.977338
1	1	14	false	false	false	false	none	ReplyA	ReplyA/0.954499
1	1	4	false	true	true	false	none	ReplyD	ReplyD/0.904074

# 0.643766
1	1	30	false	false	false	false	subject	Title	Title/0.777499
2	1	10	false	true	false	true	later	AuthorAndDate	AuthorAndDate/0.876919
3	0	7	true	false	false	false	score	VandC	VandC/0.972590
2	1	7	false	true	false	false	last	ReplyAandD	ReplyAandD/0.961914

# 0.472410
1	1	11	false	false	false	false	subject	Title	Title/0.709474
2	1	11	false	true	false	true	later	AuthorAndDate	AuthorAndDate/0.718836
3	0	2	true	false	false	false	score	VandC	VandC/0.981940
0	0	0	false	false	false	false	last	OtherInfo	OtherInfo/0.909836

# 0.556756
0	1	0	false	false	false	false	none	OtherInfo	OtherInfo/0.990625
1	1	25	false	false	false	false	common	Title	Title/0.917170
1	1	3	false	false	false	false	none	Author	Author/0.884497
1	0	8	false	true	false	true	none	AuthorDate	AuthorDate/0.837357
1	1	1	true	false	false	false	xi2	VandC	VandC/0.951212
1	0	5	true	false	false	false	none	VandC	VandC/0.977551
1	1	3	false	false	false	false	none	ReplyA	ReplyA/0.949053
1	0	7	false	true	true	false	none	ReplyD	ReplyD/0.899791

# 0.625257
0	1	0	false	false	false	false	none	OtherInfo	OtherInfo/0.990567
8	7	16	false	false	false	false	new	Title	Title/0.950022
1	1	6	false	false	false	false	none	Author	Author/0.965053
1	0	9	false	true	false	true	none	AuthorDate	AuthorDate/0.886174
1	1	2	true	false	false	false	xi2	VandC	VandC/0.973683
1	0	5	true	false	false	false	none	VandC	VandC/0.979438
1	1	4	false	false	false	false	none	ReplyA	ReplyA/0.945730
1	0	4	false	true	true	false	none	ReplyD	ReplyD/0.845438

# 0.545409
8	7	24	false	false	false	false	icn	Title	Title/0.768548
1	1	3	false	false	false	false	none	Author	Author/0.804012
1	0	9	false	true	false	true	none	AuthorDate	AuthorDate/0.871385
2	1	5	true	false	false	false	num	VandC	VandC/0.969472
2	2	15	false	true	false	false	by	ReplyAandD	ReplyAandD/0.952670

# 0.760749
1	0	2	false	false	false	false	btl01	OtherInfo	OtherInfo/0.895473
2	2	15	false	false	false	false	none	Title	Title/0.986350
1	1	5	false	false	false	false	btl02	Author	Author/0.982797
1	0	7	true	false	false	false	btl03	VandC	VandC/0.983922
1	0	10	false	true	false	true	btl03	AuthorDate	ReplyD/0.888592

# 0.740279
0	1	0	false	false	false	false	folder	OtherInfo	OtherInfo/0.989788
2	2	24	false	false	false	false	new	Title	Title/0.964027
2	1	9	false	true	false	true	author	AuthorAndDate	AuthorAndDate/0.833150
3	0	4	true	false	false	false	nums	VandC	VandC/0.981326
3	2	15	false	true	false	false	lastpost	ReplyAandD	ReplyAandD/0.948242

# 0.377665
3	3	41	false	false	false	false	iconicon-top-3	Title	Title/0.820575
1	1	5	false	false	false	false	ajaxdialog	Author	Author/0.832614
0	0	0	false	false	false	false	none	OtherInfo	OtherInfo/0.991169
1	0	3	false	true	false	true	smallgrey2	AuthorDate	AuthorDate/0.883205
1	1	3	false	false	false	false	ajaxdialog	ReplyA	ReplyA/0.841467
0	0	0	false	false	false	false	none	OtherInfo	OtherInfo/0.988418
1	0	4	false	true	false	false	smallgrey2	ReplyD	ReplyD/0.746314
1	0	5	true	false	false	false	smallgrey	VandC	VandC/0.988062
0	0	0	false	false	false	false	smallgreyviews	OtherInfo	OtherInfo/0.985553
0	0	0	false	false	false	false	none	OtherInfo	OtherInfo/0.985660

# 0.567889
4	4	62	false	false	false	false	iconicon-post-grey	Title	Title/0.934252
1	1	10	false	false	false	false	ajaxdialog	Author	Author/0.911004
0	0	0	false	false	false	false	none	OtherInfo	OtherInfo/0.992011
1	0	3	false	true	false	true	smallgrey2	AuthorDate	AuthorDate/0.916845
1	1	5	false	false	false	false	ajaxdialog	ReplyA	ReplyA/0.923355
0	0	0	false	false	false	false	none	OtherInfo	OtherInfo/0.988170
1	0	4	false	true	false	false	smallgrey2	ReplyD	ReplyD/0.823611
1	0	4	true	false	false	false	smallgrey	VandC	VandC/0.990115
0	0	0	false	false	false	false	smallgreyviews	OtherInfo	OtherInfo/0.985721
0	0	0	false	false	false	false	none	OtherInfo	OtherInfo/0.985076

# 0.759447
0	1	0	false	false	false	false	icn	OtherInfo	OtherInfo/0.993068
6	4	10	false	false	false	false	commontotalTop	Title	Title/0.989295
1	1	4	false	false	false	false	author	Author	Author/0.992664
1	0	2	true	false	false	false	reply	VandC	VandC/0.982783
1	0	4	true	false	false	false	popular	VandC	VandC/0.982457
1	0	1	true	false	false	false	grade	OtherInfo	OtherInfo/0.866860
2	1	10	false	true	false	true	last	ReplyAandD	ReplyAandD/0.928589

# 0.643672
0	1	0	false	false	false	false	icn	OtherInfo	OtherInfo/0.991953
2	1	12	false	false	false	false	common	Title	Title/0.986614
1	1	6	false	false	false	false	author	Author	Author/0.992908
1	0	1	true	false	false	false	reply	VandC	VandC/0.961546
1	0	3	true	false	false	false	popular	VandC	VandC/0.982918
1	0	1	true	false	false	false	grade	OtherInfo	OtherInfo/0.760839
2	1	10	false	true	false	true	last	ReplyAandD	ReplyAandD/0.917754

# 0.701486
3	4	15	false	false	false	false	icn	Title	Title/0.839494
2	1	6	false	true	true	true	by	AuthorAndDate	AuthorAndDate/0.881457
2	1	2	true	false	false	false	num	VandC	VandC/0.974613
2	2	6	false	true	true	false	by	ReplyAandD	ReplyAandD/0.961965

# 0.787753
2	3	15	false	false	false	false	icn	Title	Title/0.871939
2	1	9	false	true	false	true	by	AuthorAndDate	AuthorAndDate/0.946983
2	1	3	true	false	false	false	num	VandC	VandC/0.979282
2	2	15	false	true	true	false	by	ReplyAandD	ReplyAandD/0.970811

# 0.558276
0	1	0	false	false	false	false	none	OtherInfo	OtherInfo/0.988802
6	5	37	false	false	false	false	new	Title	Title/0.959446
0	0	0	false	false	false	false	none	OtherInfo	OtherInfo/0.977412
1	1	6	false	false	false	false	none	Author	Author/0.856569
1	0	8	false	true	false	true	none	AuthorDate	AuthorDate/0.744109
1	0	3	true	false	false	false	num	VandC	VandC/0.996883
1	0	5	true	false	false	false	none	VandC	VandC/0.969674
1	1	7	false	false	false	false	none	ReplyA	ReplyA/0.968781
1	1	15	false	true	false	false	none	ReplyD	ReplyD/0.971325

# 0.553649
0	1	0	false	false	false	false	none	OtherInfo	OtherInfo/0.988456
7	6	20	false	false	false	false	new	Title	Title/0.961348
0	0	0	false	false	false	false	none	OtherInfo	OtherInfo/0.976860
1	1	6	false	false	false	false	none	Author	Author/0.839910
1	0	9	false	true	false	true	none	AuthorDate	AuthorDate/0.763295
1	0	2	true	false	false	false	num	VandC	VandC/0.996819
1	0	5	true	false	false	false	none	VandC	VandC/0.973584
1	1	11	false	false	false	false	none	ReplyA	ReplyA/0.953494
1	1	15	false	true	false	false	none	ReplyD	ReplyD/0.967639

